date,feature_index,avg(band_0),avg(band_1),avg(band_2),avg(band_3),avg(band_4),avg(band_5),avg(band_6),avg(band_7),avg(band_8),avg(band_9),avg(band_10),avg(band_11)
