date,feature_index,avg(band_0)
2020-03-10T00:00:00.000Z,0,844.077525450274
2020-03-20T00:00:00.000Z,0,1716.577394936048
2020-03-31T00:00:00.000Z,0,2095.4881232054295
