{
  "2020-03-01T00:00:00Z": [
    [
      159.40540540540542,
      4.103448275862069
    ],
    [
      null,
      9.0
    ],
    [
      22.55,
      7.834080717488789
    ],
    [
      null,
      8.0
    ],
    [
      48.8018018018018,
      6.379821958456973
    ],
    [
      191.36111111111111,
      4.0
    ],
    [
      null,
      9.0
    ],
    [
      null,
      9.0
    ],
    [
      null,
      3.0
    ],
    [
      null,
      9.0
    ],
    [
      49.0,
      5.682191780821918
    ],
    [
      75.08333333333333,
      9.742857142857142
    ],
    [
      53.311688311688314,
      6.301075268817204
    ],
    [
      null,
      9.0
    ],
    [
      null,
      3.0
    ],
    [
      null,
      8.625730994152047
    ],
    [
      null,
      8.513020833333334
    ],
    [
      null,
      8.99375
    ],
    [
      46.435483870967744,
      5.593103448275862
    ],
    [
      null,
      8.988873435326843
    ],
    [
      84.35714285714286,
      3.4262295081967213
    ],
    [
      47.0,
      8.095238095238095
    ],
    [
      null,
      9.0
    ],
    [
      77.50508474576272,
      5.728813559322034
    ],
    [
      null,
      9.0
    ],
    [
      53.52777777777778,
      7.608333333333333
    ],
    [
      186.65028901734104,
      4.0
    ],
    [
      177.3,
      4.0
    ],
    [
      69.8768115942029,
      4.615942028985507
    ],
    [
      22.783783783783782,
      7.403100775193798
    ],
    [
      null,
      10.567567567567568
    ],
    [
      191.03428571428572,
      4.0
    ],
    [
      null,
      8.993865030674847
    ],
    [
      165.3709677419355,
      4.0
    ],
    [
      132.89688715953307,
      4.0
    ],
    [
      null,
      8.0
    ],
    [
      null,
      9.0
    ],
    [
      185.58904109589042,
      4.0
    ],
    [
      131.1358024691358,
      3.5838926174496644
    ],
    [
      111.82352941176471,
      4.096256684491979
    ],
    [
      77.96,
      4.786666666666667
    ],
    [
      null,
      9.0
    ],
    [
      93.50220264317181,
      4.700440528634362
    ],
    [
      48.267515923566876,
      3.7473460721868364
    ],
    [
      null,
      9.0
    ],
    [
      40.3125,
      8.56578947368421
    ],
    [
      null,
      8.8515625
    ],
    [
      103.20754716981132,
      4.018867924528302
    ],
    [
      null,
      9.0
    ],
    [
      null,
      9.0
    ],
    [
      91.09722222222223,
      7.153846153846154
    ]
  ],
  "2020-03-03T00:00:00Z": [
    [],
    [],
    [
      65.34080717488789,
      4.937219730941704
    ],
    [],
    [
      22.82051282051282,
      7.976261127596439
    ],
    [
      178.44859813084113,
      4.2407407407407405
    ],
    [],
    [],
    [],
    [],
    [
      34.888888888888886,
      2.9753424657534246
    ],
    [],
    [],
    [
      null,
      null
    ],
    [],
    [],
    [
      null,
      null
    ],
    [
      148.31875,
      4.0
    ],
    [],
    [],
    [],
    [],
    [
      49.666666666666664,
      8.60344827586207
    ],
    [],
    [
      null,
      8.93939393939394
    ],
    [],
    [],
    [],
    [],
    [
      null,
      9.0
    ],
    [
      165.5810810810811,
      4.0
    ],
    [],
    [],
    [],
    [],
    [],
    [],
    [],
    [],
    [],
    [],
    [
      132.66079295154185,
      4.0
    ],
    [],
    [
      32.583333333333336,
      3.0488322717622083
    ],
    [],
    [],
    [],
    [],
    [],
    [],
    []
  ],
  "2020-03-04T00:00:00Z": [
    [
      124.15481171548117,
      7.084291187739463
    ],
    [
      null,
      9.0
    ],
    [],
    [],
    [],
    [],
    [
      null,
      9.0
    ],
    [],
    [
      127.57264957264957,
      4.0256410256410255
    ],
    [
      null,
      9.0
    ],
    [],
    [
      null,
      9.0
    ],
    [
      null,
      9.0
    ],
    [],
    [
      117.73993808049535,
      4.0
    ],
    [
      null,
      9.0
    ],
    [],
    [],
    [],
    [
      null,
      8.325452016689846
    ],
    [
      null,
      9.0
    ],
    [
      null,
      9.047619047619047
    ],
    [],
    [
      null,
      8.0
    ],
    [],
    [
      null,
      9.0
    ],
    [
      100.28901734104046,
      4.936416184971098
    ],
    [
      null,
      9.333333333333334
    ],
    [
      38.07971014492754,
      7.0
    ],
    [],
    [],
    [
      null,
      9.0
    ],
    [
      null,
      9.0
    ],
    [
      null,
      8.838709677419354
    ],
    [
      null,
      8.972762645914397
    ],
    [],
    [
      37.199029126213595,
      4.645631067961165
    ],
    [
      null,
      9.0
    ],
    [
      83.77181208053692,
      5.651006711409396
    ],
    [
      88.78609625668449,
      4.160427807486631
    ],
    [
      null,
      8.0
    ],
    [],
    [
      null,
      9.0
    ],
    [],
    [
      147.3548387096774,
      4.0
    ],
    [],
    [
      null,
      9.0
    ],
    [],
    [],
    [
      null,
      8.757961783439491
    ],
    [
      null,
      9.0
    ]
  ],
  "2020-03-06T00:00:00Z": [
    [
      71.75892857142857,
      7.478927203065134
    ],
    [
      52.04,
      7.791666666666667
    ],
    [
      null,
      9.0
    ],
    [
      null,
      9.0
    ],
    [
      null,
      9.0
    ],
    [
      null,
      9.0
    ],
    [
      null,
      9.0
    ],
    [
      null,
      9.0
    ],
    [
      92.28571428571429,
      3.1367521367521367
    ],
    [
      26.40625,
      8.220973782771535
    ],
    [
      null,
      9.0
    ],
    [
      null,
      9.0
    ],
    [
      null,
      9.0
    ],
    [
      null,
      9.0
    ],
    [
      122.8544776119403,
      3.829721362229102
    ],
    [
      null,
      9.0
    ],
    [
      null,
      9.0
    ],
    [
      null,
      9.0
    ],
    [
      null,
      10.413793103448276
    ],
    [
      null,
      9.0
    ],
    [
      null,
      9.0
    ],
    [
      68.88235294117646,
      7.761904761904762
    ],
    [
      null,
      9.0
    ],
    [
      39.608333333333334,
      7.6169491525423725
    ],
    [
      null,
      9.0
    ],
    [
      null,
      9.0
    ],
    [
      null,
      9.92485549132948
    ],
    [
      null,
      8.633333333333333
    ],
    [
      63.42537313432836,
      6.594202898550725
    ],
    [
      null,
      9.0
    ],
    [
      null,
      9.0
    ],
    [
      119.0,
      9.982857142857142
    ],
    [
      null,
      9.0
    ],
    [
      57.90909090909091,
      7.82258064516129
    ],
    [
      null,
      9.0
    ],
    [
      null,
      9.0
    ],
    [
      null,
      9.0
    ],
    [
      null,
      9.0
    ],
    [
      101.68888888888888,
      7.926174496644295
    ],
    [
      101.3529411764706,
      4.294117647058823
    ],
    [
      103.07333333333334,
      7.0
    ],
    [
      null,
      9.0
    ],
    [
      47.15555555555556,
      8.13215859030837
    ],
    [
      null,
      9.0
    ],
    [
      null,
      9.0
    ],
    [
      null,
      9.0
    ],
    [
      null,
      9.0
    ],
    [
      null,
      9.830188679245284
    ],
    [
      null,
      9.0
    ],
    [
      44.50993377483444,
      6.452229299363057
    ],
    [
      null,
      9.0
    ]
  ],
  "2020-03-08T00:00:00Z": [
    [],
    [],
    [
      null,
      8.0
    ],
    [],
    [
      null,
      9.0
    ],
    [
      null,
      10.722222222222221
    ],
    [],
    [],
    [],
    [],
    [
      null,
      10.808219178082192
    ],
    [],
    [],
    [
      null,
      null
    ],
    [],
    [],
    [
      null,
      null
    ],
    [
      null,
      10.775
    ],
    [],
    [],
    [],
    [],
    [
      null,
      8.0
    ],
    [],
    [
      null,
      11.0
    ],
    [],
    [],
    [],
    [],
    [
      null,
      11.0
    ],
    [
      null,
      11.0
    ],
    [],
    [],
    [],
    [],
    [],
    [],
    [],
    [],
    [],
    [],
    [
      null,
      10.665198237885463
    ],
    [],
    [
      null,
      9.0
    ],
    [],
    [],
    [],
    [],
    [],
    [],
    []
  ],
  "2020-03-09T00:00:00Z": [
    [
      162.28735632183907,
      4.0
    ],
    [
      139.67142857142858,
      3.9722222222222223
    ],
    [],
    [],
    [],
    [],
    [
      null,
      9.0
    ],
    [],
    [
      null,
      9.0
    ],
    [
      null,
      9.0
    ],
    [],
    [
      null,
      8.914285714285715
    ],
    [
      38.59016393442623,
      2.3440860215053765
    ],
    [],
    [
      57.083333333333336,
      8.303405572755418
    ],
    [
      null,
      8.912280701754385
    ],
    [],
    [],
    [],
    [
      null,
      9.0
    ],
    [
      68.46341463414635,
      8.418032786885245
    ],
    [
      80.85714285714286,
      6.357142857142857
    ],
    [],
    [
      79.84406779661018,
      5.250847457627119
    ],
    [],
    [
      null,
      9.0
    ],
    [
      null,
      9.0
    ],
    [
      null,
      9.0
    ],
    [
      68.02255639097744,
      5.13768115942029
    ],
    [],
    [],
    [
      184.3942857142857,
      4.0
    ],
    [
      84.20552147239263,
      4.54601226993865
    ],
    [
      152.0483870967742,
      4.0
    ],
    [
      null,
      9.747081712062256
    ],
    [],
    [
      33.333333333333336,
      2.9854368932038833
    ],
    [
      58.58490566037736,
      7.273972602739726
    ],
    [
      93.04026845637584,
      4.402684563758389
    ],
    [
      55.16577540106952,
      3.978609625668449
    ],
    [
      null,
      9.0
    ],
    [],
    [
      null,
      9.0
    ],
    [],
    [
      43.666666666666664,
      8.419354838709678
    ],
    [],
    [
      null,
      9.0
    ],
    [],
    [],
    [
      64.95541401273886,
      3.5414012738853504
    ],
    [
      null,
      9.0
    ]
  ],
  "2020-03-11T00:00:00Z": [
    [
      null,
      8.977011494252874
    ],
    [
      null,
      9.0
    ],
    [
      null,
      9.0
    ],
    [
      null,
      9.0
    ],
    [
      null,
      9.0
    ],
    [
      null,
      9.0
    ],
    [
      null,
      9.0
    ],
    [
      null,
      9.0
    ],
    [
      null,
      10.726495726495726
    ],
    [
      null,
      9.0
    ],
    [
      null,
      9.0
    ],
    [
      null,
      9.0
    ],
    [
      null,
      9.258064516129032
    ],
    [
      null,
      9.0
    ],
    [
      null,
      9.0
    ],
    [
      59.69607843137255,
      7.4035087719298245
    ],
    [
      null,
      9.510416666666666
    ],
    [
      null,
      9.4125
    ],
    [
      null,
      9.137931034482758
    ],
    [
      51.75,
      8.73018080667594
    ],
    [
      null,
      9.0
    ],
    [
      null,
      9.0
    ],
    [
      null,
      9.0
    ],
    [
      null,
      9.0
    ],
    [
      null,
      9.0
    ],
    [
      null,
      9.0
    ],
    [
      null,
      9.017341040462428
    ],
    [
      null,
      9.0
    ],
    [
      null,
      9.0
    ],
    [
      null,
      9.0
    ],
    [
      null,
      9.0
    ],
    [
      null,
      9.0
    ],
    [
      null,
      11.0
    ],
    [
      null,
      9.0
    ],
    [
      null,
      9.0
    ],
    [
      null,
      9.0
    ],
    [
      null,
      9.0
    ],
    [
      null,
      9.0
    ],
    [
      null,
      9.0
    ],
    [
      null,
      9.0
    ],
    [
      null,
      10.653333333333334
    ],
    [
      null,
      9.0
    ],
    [
      null,
      10.066079295154186
    ],
    [
      null,
      9.0
    ],
    [
      null,
      9.838709677419354
    ],
    [
      null,
      9.210526315789474
    ],
    [
      null,
      9.0
    ],
    [
      null,
      9.0
    ],
    [
      null,
      9.0
    ],
    [
      null,
      9.0
    ],
    [
      null,
      10.709401709401709
    ]
  ],
  "2020-03-13T00:00:00Z": [
    [],
    [],
    [
      null,
      10.964125560538116
    ],
    [],
    [
      null,
      9.0
    ],
    [
      null,
      9.0
    ],
    [],
    [],
    [],
    [],
    [
      44.68539325842696,
      5.254794520547946
    ],
    [],
    [],
    [
      null,
      null
    ],
    [],
    [],
    [
      null,
      null
    ],
    [
      null,
      9.0
    ],
    [],
    [],
    [],
    [],
    [
      null,
      9.0
    ],
    [],
    [
      null,
      9.0
    ],
    [],
    [],
    [],
    [],
    [
      55.17054263565891,
      6.767441860465116
    ],
    [
      162.43243243243242,
      4.0
    ],
    [],
    [],
    [],
    [],
    [],
    [],
    [],
    [],
    [],
    [],
    [
      137.1850220264317,
      4.0
    ],
    [],
    [
      null,
      8.893842887473461
    ],
    [],
    [],
    [],
    [],
    [],
    [],
    []
  ],
  "2020-03-14T00:00:00Z": [
    [
      null,
      9.0
    ],
    [
      null,
      9.0
    ],
    [],
    [],
    [],
    [],
    [
      null,
      9.0
    ],
    [],
    [
      null,
      9.0
    ],
    [
      null,
      9.0
    ],
    [],
    [
      null,
      9.0
    ],
    [
      41.29032258064516,
      7.0
    ],
    [],
    [
      null,
      9.0
    ],
    [
      null,
      9.0
    ],
    [],
    [],
    [],
    [
      null,
      9.0
    ],
    [
      null,
      9.0
    ],
    [
      null,
      8.0
    ],
    [],
    [
      null,
      9.0
    ],
    [],
    [
      null,
      8.333333333333334
    ],
    [
      null,
      8.002890173410405
    ],
    [
      null,
      9.0
    ],
    [
      null,
      8.5
    ],
    [],
    [],
    [
      null,
      9.0
    ],
    [
      49.63636363636363,
      8.612903225806452
    ],
    [
      null,
      9.0
    ],
    [
      56.75,
      8.062256809338521
    ],
    [],
    [
      39.125,
      7.456310679611651
    ],
    [
      66.875,
      7.013698630136986
    ],
    [
      null,
      9.0
    ],
    [
      null,
      9.0
    ],
    [
      null,
      9.0
    ],
    [],
    [
      null,
      9.0
    ],
    [],
    [
      128.52,
      4.967741935483871
    ],
    [],
    [
      null,
      9.0
    ],
    [],
    [],
    [
      null,
      9.0
    ],
    [
      null,
      9.0
    ]
  ],
  "2020-03-16T00:00:00Z": [
    [
      null,
      8.71647509578544
    ],
    [
      52.44897959183673,
      7.319444444444445
    ],
    [
      null,
      9.026905829596412
    ],
    [
      null,
      9.0
    ],
    [
      64.94658753709199,
      4.836795252225519
    ],
    [
      146.28703703703704,
      3.990740740740741
    ],
    [
      77.75,
      8.666666666666666
    ],
    [
      null,
      9.0
    ],
    [
      null,
      9.0
    ],
    [
      62.326530612244895,
      7.8164794007490634
    ],
    [
      null,
      9.0
    ],
    [
      null,
      9.0
    ],
    [
      null,
      9.0
    ],
    [
      null,
      9.0
    ],
    [
      55.24561403508772,
      7.622291021671827
    ],
    [
      58.568627450980394,
      7.43859649122807
    ],
    [
      null,
      9.0
    ],
    [
      55.57142857142857,
      8.925
    ],
    [
      null,
      8.013793103448275
    ],
    [
      null,
      9.0
    ],
    [
      48.625,
      8.109289617486338
    ],
    [
      null,
      8.952380952380953
    ],
    [
      null,
      8.60344827586207
    ],
    [
      null,
      9.0
    ],
    [
      null,
      8.606060606060606
    ],
    [
      null,
      9.0
    ],
    [
      121.82369942196532,
      4.199421965317919
    ],
    [
      null,
      8.6
    ],
    [
      null,
      9.0
    ],
    [
      null,
      9.0
    ],
    [
      null,
      10.0
    ],
    [
      null,
      9.0
    ],
    [
      null,
      9.0
    ],
    [
      null,
      8.596774193548388
    ],
    [
      null,
      9.0
    ],
    [
      null,
      9.0
    ],
    [
      null,
      8.0
    ],
    [
      null,
      8.027397260273972
    ],
    [
      null,
      8.912751677852349
    ],
    [
      46.51724137931034,
      7.689839572192513
    ],
    [
      null,
      9.0
    ],
    [
      124.81938325991189,
      4.008810572687224
    ],
    [
      null,
      9.0
    ],
    [
      null,
      9.0
    ],
    [
      null,
      8.258064516129032
    ],
    [
      null,
      9.0
    ],
    [
      null,
      9.0
    ],
    [
      null,
      10.0
    ],
    [
      17.08695652173913,
      2.1449275362318843
    ],
    [
      null,
      8.07643312101911
    ],
    [
      null,
      9.0
    ]
  ],
  "2020-03-18T00:00:00Z": [
    [],
    [],
    [
      null,
      8.852017937219731
    ],
    [],
    [
      60.925816023738875,
      4.673590504451038
    ],
    [
      142.0648148148148,
      4.518518518518518
    ],
    [],
    [],
    [],
    [],
    [
      null,
      10.0
    ],
    [],
    [],
    [
      173.16666666666666,
      4.0
    ],
    [],
    [],
    [
      null,
      null
    ],
    [
      47.0,
      8.00625
    ],
    [],
    [],
    [],
    [],
    [
      45.97222222222222,
      7.379310344827586
    ],
    [],
    [
      89.53030303030303,
      4.075757575757576
    ],
    [],
    [],
    [],
    [],
    [
      72.74603174603175,
      4.689922480620155
    ],
    [
      159.97297297297297,
      4.0
    ],
    [],
    [],
    [],
    [],
    [],
    [],
    [],
    [],
    [],
    [],
    [
      132.7136563876652,
      4.0
    ],
    [],
    [
      null,
      10.0
    ],
    [],
    [],
    [],
    [],
    [],
    [],
    []
  ],
  "2020-03-19T00:00:00Z": [
    [
      154.91836734693877,
      3.375478927203065
    ],
    [
      75.71875,
      5.472222222222222
    ],
    [],
    [],
    [],
    [],
    [
      null,
      8.966666666666667
    ],
    [],
    [
      null,
      9.0
    ],
    [
      null,
      9.0
    ],
    [],
    [
      52.75,
      8.307142857142857
    ],
    [
      51.40229885057471,
      6.806451612903226
    ],
    [],
    [
      68.60507246376811,
      5.764705882352941
    ],
    [
      38.43181818181818,
      7.485380116959064
    ],
    [],
    [],
    [],
    [
      32.43069306930693,
      6.123783031988873
    ],
    [
      61.5,
      8.94535519125683
    ],
    [
      118.73809523809524,
      4.0
    ],
    [],
    [
      17.284552845528456,
      7.308474576271187
    ],
    [],
    [
      58.875,
      5.883333333333334
    ],
    [
      59.8,
      8.326589595375722
    ],
    [
      70.80357142857143,
      5.966666666666667
    ],
    [
      null,
      9.0
    ],
    [],
    [],
    [
      64.37869822485207,
      5.845714285714286
    ],
    [
      56.666666666666664,
      8.909774436090226
    ],
    [
      118.96774193548387,
      4.483870967741935
    ],
    [
      77.1550925925926,
      5.64591439688716
    ],
    [],
    [
      29.07281553398058,
      5.0
    ],
    [
      152.12328767123287,
      4.0
    ],
    [
      null,
      9.0
    ],
    [
      86.01069518716578,
      4.935828877005347
    ],
    [
      65.01020408163265,
      7.1066666666666665
    ],
    [],
    [
      47.652482269503544,
      4.3392070484581495
    ],
    [],
    [
      95.64516129032258,
      4.967741935483871
    ],
    [],
    [
      48.50390625,
      4.98046875
    ],
    [],
    [],
    [
      60.5625,
      8.21656050955414
    ],
    [
      176.6153846153846,
      4.0
    ]
  ],
  "2020-03-21T00:00:00Z": [
    [
      163.6743295019157,
      4.0
    ],
    [
      182.45833333333334,
      4.0
    ],
    [
      69.72197309417041,
      4.565022421524664
    ],
    [
      33.51190476190476,
      4.010810810810811
    ],
    [
      59.061349693251536,
      5.744807121661721
    ],
    [
      184.33333333333334,
      4.0
    ],
    [
      null,
      8.2
    ],
    [
      77.78125,
      5.686567164179104
    ],
    [
      123.3076923076923,
      4.102564102564102
    ],
    [
      105.09363295880149,
      4.01498127340824
    ],
    [
      58.010958904109586,
      4.964383561643835
    ],
    [
      178.95714285714286,
      4.0
    ],
    [
      34.88172043010753,
      5.0
    ],
    [
      126.35087719298245,
      4.0
    ],
    [
      160.92260061919504,
      4.0
    ],
    [
      43.251461988304094,
      5.140350877192983
    ],
    [
      35.90588235294118,
      6.817708333333333
    ],
    [
      151.65625,
      4.0
    ],
    [
      73.91724137931034,
      4.0344827586206895
    ],
    [
      72.05563282336578,
      4.507649513212796
    ],
    [
      182.37654320987653,
      3.8852459016393444
    ],
    [
      183.85714285714286,
      4.0
    ],
    [
      62.91379310344828,
      4.706896551724138
    ],
    [
      96.24745762711865,
      4.3559322033898304
    ],
    [
      null,
      9.0
    ],
    [
      72.1,
      5.0
    ],
    [
      187.864161849711,
      4.0
    ],
    [
      186.31666666666666,
      4.0
    ],
    [
      89.26811594202898,
      4.057971014492754
    ],
    [
      73.09448818897638,
      4.72093023255814
    ],
    [
      125.58928571428571,
      5.824324324324325
    ],
    [
      190.76,
      4.0
    ],
    [
      87.48972602739725,
      4.714723926380368
    ],
    [
      163.0,
      4.0
    ],
    [
      165.6828793774319,
      4.0
    ],
    [
      null,
      8.447761194029852
    ],
    [
      27.37378640776699,
      5.0
    ],
    [
      180.32876712328766,
      4.0
    ],
    [
      135.65771812080536,
      4.0
    ],
    [
      114.85561497326204,
      4.005347593582887
    ],
    [
      99.74,
      4.0
    ],
    [
      140.62114537444933,
      4.0
    ],
    [
      86.6079295154185,
      4.370044052863436
    ],
    [
      49.44373673036093,
      5.397027600849257
    ],
    [
      175.4516129032258,
      4.0
    ],
    [
      null,
      3.0
    ],
    [
      39.890625,
      4.96484375
    ],
    [
      105.13207547169812,
      4.018867924528302
    ],
    [
      10.652173913043478,
      5.0
    ],
    [
      77.3375796178344,
      5.369426751592357
    ],
    [
      181.24786324786325,
      4.0
    ]
  ],
  "2020-03-23T00:00:00Z": [
    [],
    [],
    [
      66.66265060240964,
      8.008968609865471
    ],
    [],
    [
      70.42857142857143,
      8.967359050445104
    ],
    [
      181.57407407407408,
      4.0
    ],
    [],
    [],
    [],
    [],
    [
      54.23287671232877,
      4.961643835616439
    ],
    [],
    [],
    [
      null,
      null
    ],
    [],
    [],
    [
      null,
      null
    ],
    [
      148.65,
      4.0
    ],
    [],
    [],
    [],
    [],
    [
      60.172413793103445,
      4.706896551724138
    ],
    [],
    [
      100.66666666666667,
      4.075757575757576
    ],
    [],
    [],
    [],
    [],
    [
      72.48062015503876,
      4.565891472868217
    ],
    [
      161.51351351351352,
      4.0
    ],
    [],
    [],
    [],
    [],
    [],
    [],
    [],
    [],
    [],
    [],
    [
      138.0308370044053,
      4.0176211453744495
    ],
    [],
    [
      43.85774946921444,
      4.961783439490445
    ],
    [],
    [],
    [],
    [],
    [],
    [],
    []
  ],
  "2020-03-24T00:00:00Z": [
    [
      156.26053639846742,
      4.0
    ],
    [
      181.44444444444446,
      4.0
    ],
    [],
    [],
    [],
    [],
    [
      185.2,
      4.0
    ],
    [],
    [
      114.80341880341881,
      4.034188034188034
    ],
    [
      93.82397003745318,
      4.044943820224719
    ],
    [],
    [
      173.88571428571427,
      4.0
    ],
    [
      37.043010752688176,
      5.0
    ],
    [],
    [
      39.1764705882353,
      4.972136222910216
    ],
    [
      37.67836257309941,
      5.0
    ],
    [],
    [],
    [],
    [
      66.25730180806676,
      4.887343532684284
    ],
    [
      181.91803278688525,
      4.0
    ],
    [
      179.0,
      4.0
    ],
    [],
    [
      87.64406779661017,
      4.420338983050847
    ],
    [],
    [
      72.69166666666666,
      4.633333333333334
    ],
    [
      184.00867052023122,
      4.0
    ],
    [
      180.61666666666667,
      4.0
    ],
    [
      84.41304347826087,
      4.166666666666667
    ],
    [],
    [],
    [
      187.85714285714286,
      4.0
    ],
    [
      88.0,
      4.0
    ],
    [
      156.59677419354838,
      4.0
    ],
    [
      166.8988326848249,
      4.0
    ],
    [],
    [
      26.815533980582526,
      5.0
    ],
    [
      177.1095890410959,
      4.0
    ],
    [
      131.5503355704698,
      4.026845637583893
    ],
    [
      94.62566844919786,
      4.032085561497326
    ],
    [
      90.44,
      4.046666666666667
    ],
    [],
    [
      83.28193832599119,
      4.41409691629956
    ],
    [],
    [
      168.58064516129033,
      4.0
    ],
    [],
    [
      37.94921875,
      4.9921875
    ],
    [],
    [],
    [
      46.66242038216561,
      4.821656050955414
    ],
    [
      179.47863247863248,
      4.0
    ]
  ],
  "2020-03-26T00:00:00Z": [
    [
      152.45977011494253,
      4.0
    ],
    [
      183.56944444444446,
      4.0
    ],
    [
      60.83856502242153,
      4.910313901345291
    ],
    [
      28.88108108108108,
      5.0
    ],
    [
      72.21661721068249,
      4.566765578635015
    ],
    [
      177.96296296296296,
      4.0
    ],
    [
      180.96666666666667,
      4.0
    ],
    [
      102.32835820895522,
      4.029850746268656
    ],
    [
      102.3076923076923,
      4.042735042735043
    ],
    [
      89.30337078651685,
      4.127340823970037
    ],
    [
      55.038356164383565,
      4.986301369863014
    ],
    [
      169.85714285714286,
      4.007142857142857
    ],
    [
      29.602150537634408,
      5.0
    ],
    [
      171.48245614035088,
      4.0
    ],
    [
      30.53560371517028,
      4.996904024767802
    ],
    [
      20.169590643274855,
      5.035087719298246
    ],
    [
      22.0546875,
      4.997395833333333
    ],
    [
      135.11875,
      4.0
    ],
    [
      62.93793103448276,
      5.117241379310345
    ],
    [
      57.66203059805285,
      4.965229485396383
    ],
    [
      179.1639344262295,
      4.0
    ],
    [
      167.04761904761904,
      4.0
    ],
    [
      44.758620689655174,
      4.948275862068965
    ],
    [
      80.81016949152543,
      4.440677966101695
    ],
    [
      82.0909090909091,
      4.181818181818182
    ],
    [
      68.39166666666667,
      4.708333333333333
    ],
    [
      181.77745664739885,
      4.0
    ],
    [
      181.66666666666666,
      4.0
    ],
    [
      77.72463768115942,
      4.268115942028985
    ],
    [
      65.48837209302326,
      4.72093023255814
    ],
    [
      153.7972972972973,
      4.0
    ],
    [
      184.68,
      4.0
    ],
    [
      88.24539877300613,
      4.116564417177914
    ],
    [
      154.8709677419355,
      4.0
    ],
    [
      162.60311284046693,
      4.0
    ],
    [
      43.71641791044776,
      4.985074626865671
    ],
    [
      20.771844660194176,
      5.0
    ],
    [
      169.3972602739726,
      4.0
    ],
    [
      125.97986577181209,
      4.026845637583893
    ],
    [
      79.35828877005348,
      4.213903743315508
    ],
    [
      79.69333333333333,
      4.326666666666667
    ],
    [
      131.8986784140969,
      4.0
    ],
    [
      79.84140969162996,
      4.47136563876652
    ],
    [
      42.63481953290871,
      4.978768577494692
    ],
    [
      166.2258064516129,
      4.0
    ],
    [
      55.89035087719298,
      5.0
    ],
    [
      35.09375,
      4.98828125
    ],
    [
      90.64150943396227,
      4.113207547169812
    ],
    [
      5.6521739130434785,
      5.0
    ],
    [
      36.67515923566879,
      4.936305732484076
    ],
    [
      178.05982905982907,
      4.0
    ]
  ],
  "2020-03-28T00:00:00Z": [
    [],
    [],
    [
      57.28699551569507,
      4.932735426008969
    ],
    [],
    [
      68.21661721068249,
      4.994065281899109
    ],
    [
      174.22222222222223,
      4.0
    ],
    [],
    [],
    [],
    [],
    [
      46.26301369863014,
      4.997260273972603
    ],
    [],
    [],
    [
      155.67543859649123,
      4.0
    ],
    [],
    [],
    [
      null,
      null
    ],
    [
      122.59375,
      4.0
    ],
    [],
    [],
    [],
    [],
    [
      37.08620689655172,
      5.0
    ],
    [],
    [
      72.6969696969697,
      4.424242424242424
    ],
    [],
    [],
    [],
    [],
    [
      59.74418604651163,
      4.736434108527132
    ],
    [
      147.66216216216216,
      4.0
    ],
    [],
    [],
    [],
    [],
    [],
    [],
    [],
    [],
    [],
    [],
    [
      119.84581497797357,
      4.030837004405286
    ],
    [],
    [
      33.65180467091295,
      5.004246284501062
    ],
    [],
    [],
    [],
    [],
    [],
    [],
    []
  ],
  "2020-03-29T00:00:00Z": [
    [
      159.22988505747125,
      4.053639846743295
    ],
    [
      null,
      8.902777777777779
    ],
    [],
    [],
    [],
    [],
    [
      158.5,
      4.0
    ],
    [],
    [
      null,
      9.0
    ],
    [
      87.7565543071161,
      4.2434456928838955
    ],
    [],
    [
      null,
      9.0
    ],
    [
      null,
      9.0
    ],
    [],
    [
      null,
      10.0
    ],
    [
      null,
      9.0
    ],
    [],
    [],
    [],
    [
      51.4375,
      3.133518776077886
    ],
    [
      null,
      9.0
    ],
    [
      null,
      8.80952380952381
    ],
    [],
    [
      null,
      8.833898305084746
    ],
    [],
    [
      null,
      9.0
    ],
    [
      186.38439306358381,
      4.0
    ],
    [
      null,
      9.0
    ],
    [
      null,
      8.666666666666666
    ],
    [],
    [],
    [
      null,
      8.777142857142858
    ],
    [
      null,
      8.722222222222221
    ],
    [
      88.95652173913044,
      7.629032258064516
    ],
    [
      null,
      9.14396887159533
    ],
    [],
    [
      24.134615384615383,
      8.194174757281553
    ],
    [
      null,
      8.0
    ],
    [
      null,
      9.0
    ],
    [
      null,
      10.0
    ],
    [
      null,
      9.0
    ],
    [],
    [
      null,
      8.995594713656388
    ],
    [],
    [
      null,
      8.0
    ],
    [],
    [
      null,
      8.0
    ],
    [],
    [],
    [
      30.52258064516129,
      5.898089171974522
    ],
    [
      null,
      9.846153846153847
    ]
  ],
  "2020-03-31T00:00:00Z": [
    [
      155.65900383141764,
      4.0
    ],
    [
      184.18055555555554,
      4.0
    ],
    [
      60.03139013452915,
      4.910313901345291
    ],
    [
      49.34054054054054,
      4.962162162162162
    ],
    [
      63.49407114624506,
      7.364985163204747
    ],
    [
      182.15740740740742,
      4.0
    ],
    [
      184.23333333333332,
      4.0
    ],
    [
      99.7910447761194,
      4.029850746268656
    ],
    [
      94.53846153846153,
      4.222222222222222
    ],
    [
      87.06367041198502,
      4.142322097378277
    ],
    [
      null,
      9.0
    ],
    [
      175.47142857142856,
      4.0
    ],
    [
      26.27956989247312,
      5.0
    ],
    [
      148.81140350877192,
      4.0
    ],
    [
      23.523219814241486,
      4.996904024767802
    ],
    [
      17.75438596491228,
      5.0
    ],
    [
      29.90625,
      5.0
    ],
    [
      139.0,
      4.0
    ],
    [
      60.88275862068966,
      4.76551724137931
    ],
    [
      55.49374130737135,
      4.974965229485396
    ],
    [
      173.05737704918033,
      4.081967213114754
    ],
    [
      171.76190476190476,
      4.0
    ],
    [
      38.63793103448276,
      5.0
    ],
    [
      84.86779661016949,
      4.393220338983051
    ],
    [
      null,
      8.727272727272727
    ],
    [
      65.46666666666667,
      4.775
    ],
    [
      183.79479768786126,
      4.0
    ],
    [
      185.35,
      4.0
    ],
    [
      80.91304347826087,
      4.195652173913044
    ],
    [
      50.150442477876105,
      4.015503875968992
    ],
    [
      164.74324324324326,
      4.0
    ],
    [
      183.49714285714285,
      4.0
    ],
    [
      91.55521472392638,
      4.08282208588957
    ],
    [
      155.29032258064515,
      4.0
    ],
    [
      171.77821011673151,
      4.0
    ],
    [
      35.13333333333333,
      6.895522388059701
    ],
    [
      21.053398058252426,
      5.0
    ],
    [
      173.8082191780822,
      4.0
    ],
    [
      135.3288590604027,
      4.026845637583893
    ],
    [
      25.818181818181817,
      5.0
    ],
    [
      75.41333333333333,
      4.3533333333333335
    ],
    [
      138.24669603524228,
      4.0
    ],
    [
      82.56387665198238,
      4.41409691629956
    ],
    [
      41.660297239915074,
      4.968152866242038
    ],
    [
      172.67741935483872,
      4.0
    ],
    [
      41.6359649122807,
      5.37719298245614
    ],
    [
      11.68359375,
      4.98828125
    ],
    [
      91.30188679245283,
      4.056603773584905
    ],
    [
      2.873015873015873,
      5.0
    ],
    [
      31.42763157894737,
      5.159235668789809
    ],
    [
      180.11111111111111,
      4.0
    ]
  ]
}
