{
    "2018-08-19T00:00:00Z": [
        [
            141.60281858324058
        ]
    ],
    "2018-08-01T00:00:00Z": [
        [
            143.6019151789765
        ]
    ],
    "2018-08-04T00:00:00Z": [
        [
            146.0169117208378
        ]
    ],
    "2018-08-24T00:00:00Z": [
        [
            160.93482771050157
        ]
    ],
    "2018-08-21T00:00:00Z": [
        [
            114.30893451327714
        ]
    ],
    "2018-08-06T00:00:00Z": [
        [
            148.56485129937494
        ]
    ],
    "2018-08-14T00:00:00Z": [
        [
            110.20536613122073
        ]
    ],
    "2018-08-26T00:00:00Z": [
        [
            160.20963504948114
        ]
    ],
    "2018-08-11T00:00:00Z": [
        [
            145.22457640073623
        ]
    ]
}