{
    "2018-08-19T00:00:00Z": [
        [
            80.25445355381376
        ]
    ],
    "2018-08-01T00:00:00Z": [
        [
            82.17533156260541
        ]
    ],
    "2018-08-04T00:00:00Z": [
        [
            83.717852478672
        ]
    ],
    "2018-08-24T00:00:00Z": [
        [
            97.15260359051926
        ]
    ],
    "2018-08-21T00:00:00Z": [
        [
            53.55485757873977
        ]
    ],
    "2018-08-06T00:00:00Z": [
        [
            84.32732567406588
        ]
    ],
    "2018-08-14T00:00:00Z": [
        [
            54.15115770122992
        ]
    ],
    "2018-08-26T00:00:00Z": [
        [
            95.37517359826602
        ]
    ],
    "2018-08-11T00:00:00Z": [
        [
            83.42888185257615
        ]
    ]
}